........................................................................ [ 24%]
........................................................................ [ 48%]
........................................................................ [ 72%]
........................................................................ [ 97%]
........                                                                 [100%]
- generated xml file: /home/claude/work/final/docs/verification/pytest-v231.xml -
296 passed in 11.35s
